// Jest Snapshot v1, https://goo.gl/fbAQLP

exports[`Components/FbxIosSwitchButton snapshots renders the default correctly 1`] = `<div class="container"><label class="switch"><input type="checkbox" class="input" value="false"> <span class="slider round"></span></label></div>`;
