// Jest Snapshot v1, https://goo.gl/fbAQLP

exports[`Components/FbxNotice snapshots renders the default correctly 1`] = `<div class="notice"></div>`;
